src/app/api/webhooks/ocr/callback/route.ts(207,35): error TS2304: Cannot find name 'rawCif'.
